// Jest Snapshot v1, https://goo.gl/fbAQLP

exports[`ExampleComponent.vue matches the snapshot 1`] = `
<div>
  <p>Hello, Vue!</p><button>Change Message</button>
</div>
`;
